------------------------------------------------------------------------------------------------------------------------------------------------------------------------
      name:  <unnamed>
       log:  C:\Users\omen\OneDrive - GOUVCI (1)\CAE_INS\IPM\INPM\Data_results\Log/rgph98_dataprep.log
  log type:  text
 opened on:   6 Feb 2024, 14:29:14

. 
end of do-file

. do "C:\Users\omen\AppData\Local\Temp\STD3168_000000.tmp"

. use "$data_raw98\rgph98_men.dta", clear

. duplicates drop //(373,263 observations deleted), 2,279,544 observations résiduelles

Duplicates in terms of all variables

(373,263 observations deleted)

. 
end of do-file

. do "C:\Users\omen\AppData\Local\Temp\STD3168_000000.tmp"

. duplicates tag I01_REGI I02_DEPA I03_SPREF I05_MILIEU I09T_TYP I09N_NUM, gen(dup_all_temp)

Duplicates in terms of I01_REGI I02_DEPA I03_SPREF I05_MILIEU I09T_TYP I09N_NUM

. 
end of do-file

. do "C:\Users\omen\AppData\Local\Temp\STD3168_000000.tmp"

. ta dup_all_temp

dup_all_tem |
          p |      Freq.     Percent        Cum.
------------+-----------------------------------
          0 |      8,539        0.37        0.37
          1 |      8,082        0.35        0.73
          2 |      7,965        0.35        1.08
          3 |      7,740        0.34        1.42
          4 |      8,255        0.36        1.78
          5 |      7,428        0.33        2.11
          6 |      6,818        0.30        2.41
          7 |      6,992        0.31        2.71
          8 |      5,778        0.25        2.97
          9 |      6,790        0.30        3.26
         10 |      6,908        0.30        3.57
         11 |      6,432        0.28        3.85
         12 |      6,253        0.27        4.12
         13 |      6,202        0.27        4.39
         14 |      5,895        0.26        4.65
         15 |      5,952        0.26        4.91
         16 |      6,477        0.28        5.20
         17 |      6,660        0.29        5.49
         18 |      5,985        0.26        5.75
         19 |      6,480        0.28        6.04
         20 |      6,321        0.28        6.31
         21 |      5,720        0.25        6.57
         22 |      6,256        0.27        6.84
         23 |      5,496        0.24        7.08
         24 |      5,600        0.25        7.33
         25 |      5,590        0.25        7.57
         26 |      5,805        0.25        7.83
         27 |      5,628        0.25        8.07
         28 |      5,916        0.26        8.33
         29 |      5,280        0.23        8.57
         30 |      4,588        0.20        8.77
         31 |      5,504        0.24        9.01
         32 |      5,082        0.22        9.23
         33 |      5,916        0.26        9.49
         34 |      5,250        0.23        9.72
         35 |      5,688        0.25        9.97
         36 |      5,624        0.25       10.22
         37 |      5,966        0.26       10.48
         38 |      4,758        0.21       10.69
         39 |      5,320        0.23       10.92
         40 |      5,453        0.24       11.16
         41 |      5,712        0.25       11.41
         42 |      4,429        0.19       11.60
         43 |      4,708        0.21       11.81
         44 |      6,030        0.26       12.08
         45 |      4,554        0.20       12.28
         46 |      5,264        0.23       12.51
         47 |      4,752        0.21       12.71
         48 |      4,851        0.21       12.93
         49 |      4,850        0.21       13.14
         50 |      5,610        0.25       13.39
         51 |      5,460        0.24       13.63
         52 |      5,353        0.23       13.86
         53 |      4,698        0.21       14.07
         54 |      5,280        0.23       14.30
         55 |      6,384        0.28       14.58
         56 |      5,130        0.23       14.80
         57 |      4,408        0.19       15.00
         58 |      3,717        0.16       15.16
         59 |      5,280        0.23       15.39
         60 |      5,490        0.24       15.63
         61 |      5,518        0.24       15.87
         62 |      5,103        0.22       16.10
         63 |      5,568        0.24       16.34
         64 |      4,160        0.18       16.53
         65 |      4,686        0.21       16.73
         66 |      4,087        0.18       16.91
         67 |      4,964        0.22       17.13
         68 |      5,727        0.25       17.38
         69 |      5,110        0.22       17.60
         70 |      5,041        0.22       17.82
         71 |      5,328        0.23       18.06
         72 |      4,526        0.20       18.26
         73 |      4,070        0.18       18.44
         74 |      4,650        0.20       18.64
         75 |      4,180        0.18       18.82
         76 |      4,081        0.18       19.00
         77 |      5,460        0.24       19.24
         78 |      4,819        0.21       19.45
         79 |      4,560        0.20       19.65
         80 |      4,131        0.18       19.83
         81 |      5,084        0.22       20.06
         82 |      5,063        0.22       20.28
         83 |      3,612        0.16       20.44
         84 |      5,100        0.22       20.66
         85 |      4,300        0.19       20.85
         86 |      4,263        0.19       21.04
         87 |      4,400        0.19       21.23
         88 |      4,539        0.20       21.43
         89 |      4,590        0.20       21.63
         90 |      4,368        0.19       21.82
         91 |      3,864        0.17       21.99
         92 |      3,813        0.17       22.16
         93 |      4,606        0.20       22.36
         94 |      4,465        0.20       22.56
         95 |      4,032        0.18       22.73
         96 |      3,589        0.16       22.89
         97 |      4,802        0.21       23.10
         98 |      3,465        0.15       23.25
         99 |      4,600        0.20       23.46
        100 |      3,737        0.16       23.62
        101 |      3,978        0.17       23.79
        102 |      4,635        0.20       24.00
        103 |      4,784        0.21       24.21
        104 |      3,990        0.18       24.38
        105 |      3,604        0.16       24.54
        106 |      6,206        0.27       24.81
        107 |      3,240        0.14       24.95
        108 |      4,251        0.19       25.14
        109 |      3,740        0.16       25.31
        110 |      4,884        0.21       25.52
        111 |      3,136        0.14       25.66
        112 |      4,294        0.19       25.85
        113 |      3,420        0.15       26.00
        114 |      4,945        0.22       26.21
        115 |      3,596        0.16       26.37
        116 |      2,808        0.12       26.49
        117 |      3,186        0.14       26.63
        118 |      3,332        0.15       26.78
        119 |      3,240        0.14       26.92
        120 |      4,477        0.20       27.12
        121 |      4,026        0.18       27.29
        122 |      4,674        0.21       27.50
        123 |      4,092        0.18       27.68
        124 |      4,625        0.20       27.88
        125 |      5,292        0.23       28.11
        126 |      2,794        0.12       28.24
        127 |      3,840        0.17       28.40
        128 |      2,580        0.11       28.52
        129 |      4,030        0.18       28.69
        130 |      3,668        0.16       28.86
        131 |      2,508        0.11       28.97
        132 |      3,591        0.16       29.12
        133 |      4,288        0.19       29.31
        134 |      4,320        0.19       29.50
        135 |      3,672        0.16       29.66
        136 |      3,288        0.14       29.81
        137 |      3,450        0.15       29.96
        138 |      3,336        0.15       30.10
        139 |      4,060        0.18       30.28
        140 |      3,525        0.15       30.44
        141 |      3,266        0.14       30.58
        142 |      4,719        0.21       30.79
        143 |      3,744        0.16       30.95
        144 |      3,625        0.16       31.11
        145 |      3,212        0.14       31.25
        146 |      4,557        0.20       31.45
        147 |      4,292        0.19       31.64
        148 |      3,576        0.16       31.80
        149 |      2,700        0.12       31.91
        150 |      3,473        0.15       32.07
        151 |      3,192        0.14       32.21
        152 |      3,519        0.15       32.36
        153 |      3,080        0.14       32.50
        154 |      2,635        0.12       32.61
        155 |      2,964        0.13       32.74
        156 |      3,768        0.17       32.91
        157 |      3,634        0.16       33.07
        158 |      2,226        0.10       33.16
        159 |      3,840        0.17       33.33
        160 |      3,542        0.16       33.49
        161 |      3,888        0.17       33.66
        162 |      3,423        0.15       33.81
        163 |      3,280        0.14       33.95
        164 |      2,640        0.12       34.07
        165 |      3,818        0.17       34.24
        166 |      4,676        0.21       34.44
        167 |      3,192        0.14       34.58
        168 |      3,718        0.16       34.74
        169 |      3,060        0.13       34.88
        170 |      2,565        0.11       34.99
        171 |      2,752        0.12       35.11
        172 |      3,287        0.14       35.26
        173 |      3,306        0.15       35.40
        174 |      2,450        0.11       35.51
        175 |      2,816        0.12       35.63
        176 |      3,186        0.14       35.77
        177 |      2,670        0.12       35.89
        178 |      2,864        0.13       36.01
        179 |      3,420        0.15       36.16
        180 |      2,534        0.11       36.28
        181 |      3,458        0.15       36.43
        182 |      3,477        0.15       36.58
        183 |      2,944        0.13       36.71
        184 |      3,145        0.14       36.85
        185 |      2,418        0.11       36.95
        186 |      3,366        0.15       37.10
        187 |      2,068        0.09       37.19
        188 |      3,780        0.17       37.36
        189 |      2,280        0.10       37.46
        190 |      2,865        0.13       37.58
        191 |      3,264        0.14       37.73
        192 |      2,316        0.10       37.83
        193 |      3,104        0.14       37.96
        194 |      3,315        0.15       38.11
        195 |      2,940        0.13       38.24
        196 |      2,561        0.11       38.35
        197 |      1,782        0.08       38.43
        198 |      3,781        0.17       38.60
        199 |      3,200        0.14       38.74
        200 |      2,010        0.09       38.82
        201 |      1,818        0.08       38.90
        202 |      2,030        0.09       38.99
        203 |      2,448        0.11       39.10
        204 |      3,075        0.13       39.23
        205 |      3,090        0.14       39.37
        206 |      3,726        0.16       39.53
        207 |      2,288        0.10       39.63
        208 |      2,299        0.10       39.73
        209 |      1,890        0.08       39.82
        210 |      2,321        0.10       39.92
        211 |      1,908        0.08       40.00
        212 |      3,834        0.17       40.17
        213 |      2,568        0.11       40.28
        214 |      2,795        0.12       40.41
        215 |      2,160        0.09       40.50
        216 |      2,821        0.12       40.63
        217 |      2,834        0.12       40.75
        218 |      3,285        0.14       40.89
        219 |      2,640        0.12       41.01
        220 |      3,315        0.15       41.15
        221 |      3,330        0.15       41.30
        222 |      3,568        0.16       41.46
        223 |      3,808        0.17       41.62
        224 |      1,350        0.06       41.68
        225 |      1,130        0.05       41.73
        226 |      2,497        0.11       41.84
        227 |      1,596        0.07       41.91
        228 |      2,290        0.10       42.01
        229 |      2,990        0.13       42.14
        230 |        924        0.04       42.19
        231 |      3,016        0.13       42.32
        232 |      2,330        0.10       42.42
        233 |      3,042        0.13       42.55
        234 |      2,115        0.09       42.65
        235 |      2,832        0.12       42.77
        236 |      1,896        0.08       42.85
        237 |      3,094        0.14       42.99
        238 |      3,107        0.14       43.13
        239 |        960        0.04       43.17
        240 |      3,374        0.15       43.32
        241 |      3,630        0.16       43.47
        242 |      2,430        0.11       43.58
        243 |      2,196        0.10       43.68
        244 |      2,695        0.12       43.80
        245 |      3,444        0.15       43.95
        246 |        247        0.01       43.96
        247 |      2,480        0.11       44.07
        248 |      1,743        0.08       44.14
        249 |      2,750        0.12       44.26
        250 |      2,008        0.09       44.35
        251 |      1,764        0.08       44.43
        252 |      1,518        0.07       44.50
        253 |      2,540        0.11       44.61
        254 |      2,295        0.10       44.71
        255 |      3,072        0.13       44.84
        256 |      2,313        0.10       44.94
        257 |      2,580        0.11       45.06
        258 |      1,554        0.07       45.13
        259 |      1,820        0.08       45.21
        260 |      2,349        0.10       45.31
        261 |      2,096        0.09       45.40
        262 |      1,315        0.06       45.46
        263 |      3,696        0.16       45.62
        264 |      1,590        0.07       45.69
        265 |      2,394        0.11       45.79
        266 |      3,738        0.16       45.96
        267 |      1,608        0.07       46.03
        268 |      1,883        0.08       46.11
        269 |      2,430        0.11       46.22
        270 |      4,065        0.18       46.40
        271 |      4,624        0.20       46.60
        272 |      1,365        0.06       46.66
        273 |      1,370        0.06       46.72
        274 |      3,025        0.13       46.85
        275 |      1,656        0.07       46.93
        276 |      1,662        0.07       47.00
        277 |        834        0.04       47.03
        278 |      1,953        0.09       47.12
        279 |      1,680        0.07       47.19
        280 |      1,686        0.07       47.27
        281 |        846        0.04       47.31
        282 |      2,547        0.11       47.42
        283 |      1,136        0.05       47.47
        284 |      1,995        0.09       47.55
        285 |      1,430        0.06       47.62
        286 |      1,148        0.05       47.67
        287 |      2,304        0.10       47.77
        288 |      1,156        0.05       47.82
        289 |      3,480        0.15       47.97
        290 |      1,164        0.05       48.02
        291 |      1,752        0.08       48.10
        292 |      3,223        0.14       48.24
        293 |      2,940        0.13       48.37
        294 |      1,475        0.06       48.43
        295 |      1,776        0.08       48.51
        296 |      2,376        0.10       48.62
        297 |      1,490        0.07       48.68
        298 |      1,794        0.08       48.76
        299 |      2,400        0.11       48.87
        300 |      1,806        0.08       48.95
        301 |      2,114        0.09       49.04
        302 |      2,424        0.11       49.14
        303 |      2,128        0.09       49.24
        304 |      2,135        0.09       49.33
        305 |      1,224        0.05       49.39
        306 |      2,763        0.12       49.51
        307 |      2,156        0.09       49.60
        308 |      1,854        0.08       49.68
        309 |      1,860        0.08       49.76
        310 |      1,244        0.05       49.82
        311 |        936        0.04       49.86
        312 |        939        0.04       49.90
        313 |      1,570        0.07       49.97
        314 |      1,575        0.07       50.04
        315 |      2,528        0.11       50.15
        316 |      1,585        0.07       50.22
        317 |      2,862        0.13       50.34
        318 |      1,595        0.07       50.41
        319 |      1,920        0.08       50.50
        320 |        963        0.04       50.54
        321 |      1,288        0.06       50.60
        322 |        969        0.04       50.64
        323 |      1,944        0.09       50.73
        324 |        975        0.04       50.77
        325 |      1,630        0.07       50.84
        326 |        981        0.04       50.88
        327 |      1,312        0.06       50.94
        328 |      1,316        0.06       51.00
        329 |      1,650        0.07       51.07
        330 |      1,324        0.06       51.13
        331 |      1,328        0.06       51.19
        332 |      2,331        0.10       51.29
        333 |      2,004        0.09       51.38
        334 |      2,010        0.09       51.47
        335 |      1,344        0.06       51.52
        336 |      1,348        0.06       51.58
        337 |      2,366        0.10       51.69
        338 |      2,712        0.12       51.81
        339 |      3,060        0.13       51.94
        340 |      3,069        0.13       52.07
        341 |      3,078        0.14       52.21
        342 |      1,372        0.06       52.27
        343 |      1,720        0.08       52.35
        344 |        690        0.03       52.38
        345 |      2,422        0.11       52.48
        346 |      1,735        0.08       52.56
        347 |        696        0.03       52.59
        348 |      1,047        0.05       52.63
        349 |      1,750        0.08       52.71
        350 |      1,755        0.08       52.79
        351 |        704        0.03       52.82
        352 |        706        0.03       52.85
        353 |      1,416        0.06       52.91
        354 |      1,775        0.08       52.99
        355 |      3,204        0.14       53.13
        356 |        357        0.02       53.15
        357 |      1,432        0.06       53.21
        358 |      1,077        0.05       53.26
        359 |      1,440        0.06       53.32
        360 |      1,444        0.06       53.38
        361 |      1,448        0.06       53.45
        362 |      1,452        0.06       53.51
        363 |      1,820        0.08       53.59
        364 |        365        0.02       53.61
        365 |      2,562        0.11       53.72
        366 |      1,101        0.05       53.77
        367 |      2,208        0.10       53.86
        368 |      1,476        0.06       53.93
        369 |      1,480        0.06       53.99
        370 |      2,226        0.10       54.09
        371 |      1,116        0.05       54.14
        372 |      1,865        0.08       54.22
        373 |        374        0.02       54.24
        374 |      1,500        0.07       54.30
        375 |      2,632        0.12       54.42
        376 |      2,262        0.10       54.52
        377 |      1,134        0.05       54.57
        378 |      3,032        0.13       54.70
        379 |      1,520        0.07       54.77
        380 |      1,524        0.07       54.83
        381 |      1,528        0.07       54.90
        382 |        766        0.03       54.94
        383 |      1,536        0.07       55.00
        384 |        770        0.03       55.04
        385 |      1,158        0.05       55.09
        386 |      1,161        0.05       55.14
        387 |      1,552        0.07       55.21
        388 |      1,556        0.07       55.27
        389 |        390        0.02       55.29
        390 |      1,955        0.09       55.38
        391 |      1,568        0.07       55.45
        392 |      2,358        0.10       55.55
        393 |        394        0.02       55.57
        394 |      2,765        0.12       55.69
        395 |      1,188        0.05       55.74
        396 |        794        0.03       55.78
        397 |      1,592        0.07       55.85
        398 |      1,197        0.05       55.90
        399 |        800        0.04       55.93
        400 |      2,005        0.09       56.02
        401 |        804        0.04       56.06
        402 |        806        0.04       56.09
        403 |        404        0.02       56.11
        404 |      1,215        0.05       56.16
        405 |      2,030        0.09       56.25
        406 |      2,035        0.09       56.34
        407 |      2,856        0.13       56.47
        408 |      1,636        0.07       56.54
        409 |        820        0.04       56.57
        410 |      2,877        0.13       56.70
        411 |      2,060        0.09       56.79
        412 |      1,652        0.07       56.86
        413 |      1,242        0.05       56.92
        414 |        830        0.04       56.95
        415 |        832        0.04       56.99
        416 |      1,668        0.07       57.06
        417 |      1,254        0.06       57.12
        418 |      1,257        0.06       57.17
        419 |        840        0.04       57.21
        420 |      1,263        0.06       57.27
        421 |        422        0.02       57.28
        422 |      1,269        0.06       57.34
        423 |      1,272        0.06       57.40
        424 |      2,550        0.11       57.51
        425 |      2,130        0.09       57.60
        427 |      2,568        0.11       57.71
        428 |      1,287        0.06       57.77
        429 |        430        0.02       57.79
        430 |      1,293        0.06       57.85
        431 |        864        0.04       57.88
        432 |      1,299        0.06       57.94
        434 |      1,305        0.06       58.00
        435 |      1,308        0.06       58.06
        436 |        874        0.04       58.09
        437 |      1,752        0.08       58.17
        438 |      1,317        0.06       58.23
        439 |      2,640        0.12       58.34
        440 |        441        0.02       58.36
        441 |      1,326        0.06       58.42
        442 |      1,329        0.06       58.48
        443 |      1,776        0.08       58.56
        444 |      1,335        0.06       58.62
        445 |      1,784        0.08       58.69
        446 |        894        0.04       58.73
        447 |      2,240        0.10       58.83
        448 |      1,796        0.08       58.91
        449 |        450        0.02       58.93
        451 |      1,356        0.06       58.99
        452 |        906        0.04       59.03
        453 |      1,362        0.06       59.09
        454 |      2,275        0.10       59.19
        455 |        456        0.02       59.21
        457 |      1,832        0.08       59.29
        458 |      1,836        0.08       59.37
        459 |        460        0.02       59.39
        460 |        461        0.02       59.41
        461 |      1,386        0.06       59.47
        464 |        930        0.04       59.51
        465 |        932        0.04       59.55
        466 |        934        0.04       59.59
        467 |        936        0.04       59.64
        468 |        938        0.04       59.68
        469 |      2,350        0.10       59.78
        470 |        942        0.04       59.82
        471 |      2,832        0.12       59.95
        472 |        473        0.02       59.97
        474 |        950        0.04       60.01
        475 |      2,380        0.10       60.11
        476 |      1,431        0.06       60.17
        477 |        956        0.04       60.22
        478 |      1,916        0.08       60.30
        479 |        960        0.04       60.34
        480 |      1,443        0.06       60.41
        481 |        964        0.04       60.45
        482 |      1,449        0.06       60.51
        484 |        485        0.02       60.53
        485 |        972        0.04       60.58
        486 |      1,461        0.06       60.64
        487 |      1,464        0.06       60.70
        488 |        978        0.04       60.75
        489 |      1,470        0.06       60.81
        491 |        984        0.04       60.85
        492 |        986        0.04       60.90
        493 |        988        0.04       60.94
        494 |        495        0.02       60.96
        495 |        496        0.02       60.98
        496 |        994        0.04       61.03
        497 |        498        0.02       61.05
        498 |      1,497        0.07       61.12
        500 |        501        0.02       61.14
        501 |      1,004        0.04       61.18
        502 |        503        0.02       61.20
        503 |      1,008        0.04       61.25
        504 |        505        0.02       61.27
        505 |      2,530        0.11       61.38
        506 |      2,028        0.09       61.47
        508 |      1,527        0.07       61.54
        509 |      1,020        0.04       61.58
        510 |      2,044        0.09       61.67
        511 |      1,536        0.07       61.74
        512 |      1,026        0.05       61.78
        513 |      1,542        0.07       61.85
        515 |      1,032        0.05       61.90
        516 |        517        0.02       61.92
        517 |      1,036        0.05       61.97
        518 |      1,557        0.07       62.03
        519 |      1,560        0.07       62.10
        520 |        521        0.02       62.12
        522 |      1,569        0.07       62.19
        525 |      1,052        0.05       62.24
        526 |      1,581        0.07       62.31
        527 |        528        0.02       62.33
        528 |      1,587        0.07       62.40
        530 |      1,593        0.07       62.47
        531 |      1,064        0.05       62.52
        532 |      2,132        0.09       62.61
        533 |      1,602        0.07       62.68
        534 |        535        0.02       62.71
        535 |      1,072        0.05       62.75
        538 |      1,617        0.07       62.82
        539 |        540        0.02       62.85
        540 |      2,164        0.09       62.94
        541 |      1,626        0.07       63.01
        542 |      1,086        0.05       63.06
        543 |        544        0.02       63.09
        544 |        545        0.02       63.11
        545 |        546        0.02       63.13
        546 |        547        0.02       63.16
        547 |      1,096        0.05       63.21
        552 |        553        0.02       63.23
        553 |      1,662        0.07       63.30
        554 |      1,110        0.05       63.35
        555 |      1,112        0.05       63.40
        556 |        557        0.02       63.42
        557 |        558        0.02       63.45
        558 |      1,677        0.07       63.52
        559 |      1,680        0.07       63.60
        560 |        561        0.02       63.62
        561 |      1,124        0.05       63.67
        562 |      2,252        0.10       63.77
        563 |      1,128        0.05       63.82
        564 |      1,695        0.07       63.89
        565 |      1,698        0.07       63.97
        567 |      2,272        0.10       64.07
        568 |        569        0.02       64.09
        569 |        570        0.03       64.12
        570 |      1,142        0.05       64.17
        571 |      2,288        0.10       64.27
        572 |      1,146        0.05       64.32
        574 |      1,150        0.05       64.37
        575 |      1,728        0.08       64.44
        578 |        579        0.03       64.47
        579 |        580        0.03       64.49
        580 |      2,324        0.10       64.60
        581 |        582        0.03       64.62
        582 |        583        0.03       64.65
        583 |        584        0.03       64.67
        584 |      1,170        0.05       64.72
        585 |        586        0.03       64.75
        586 |      1,174        0.05       64.80
        587 |        588        0.03       64.83
        588 |      1,178        0.05       64.88
        590 |        591        0.03       64.90
        591 |        592        0.03       64.93
        593 |      2,376        0.10       65.04
        594 |        595        0.03       65.06
        597 |      1,794        0.08       65.14
        598 |        599        0.03       65.17
        599 |        600        0.03       65.19
        601 |      1,204        0.05       65.25
        602 |      1,206        0.05       65.30
        603 |      1,812        0.08       65.38
        604 |        605        0.03       65.40
        607 |      1,216        0.05       65.46
        610 |        611        0.03       65.48
        611 |        612        0.03       65.51
        612 |      1,226        0.05       65.57
        613 |        614        0.03       65.59
        614 |      1,230        0.05       65.65
        615 |        616        0.03       65.67
        616 |      1,234        0.05       65.73
        619 |        620        0.03       65.75
        622 |        623        0.03       65.78
        624 |      1,250        0.05       65.84
        626 |        627        0.03       65.86
        627 |      1,256        0.06       65.92
        628 |      1,887        0.08       66.00
        630 |      1,262        0.06       66.06
        632 |        633        0.03       66.09
        634 |        635        0.03       66.11
        636 |      1,911        0.08       66.20
        637 |      1,276        0.06       66.25
        638 |        639        0.03       66.28
        639 |      1,280        0.06       66.34
        640 |        641        0.03       66.36
        641 |        642        0.03       66.39
        642 |      1,286        0.06       66.45
        643 |      1,288        0.06       66.51
        644 |      1,290        0.06       66.56
        646 |        647        0.03       66.59
        647 |      1,296        0.06       66.65
        648 |      1,298        0.06       66.70
        649 |      1,300        0.06       66.76
        651 |        652        0.03       66.79
        653 |      1,308        0.06       66.85
        654 |        655        0.03       66.88
        655 |        656        0.03       66.91
        656 |      1,314        0.06       66.96
        657 |      1,974        0.09       67.05
        658 |      2,636        0.12       67.17
        659 |      1,980        0.09       67.25
        665 |        666        0.03       67.28
        667 |        668        0.03       67.31
        668 |        669        0.03       67.34
        669 |        670        0.03       67.37
        671 |        672        0.03       67.40
        672 |      2,019        0.09       67.49
        673 |        674        0.03       67.52
        674 |        675        0.03       67.55
        675 |      1,352        0.06       67.61
        677 |      2,034        0.09       67.70
        678 |        679        0.03       67.72
        682 |        683        0.03       67.75
        683 |        684        0.03       67.78
        684 |        685        0.03       67.81
        686 |        687        0.03       67.85
        687 |        688        0.03       67.88
        692 |      2,772        0.12       68.00
        693 |      1,388        0.06       68.06
        694 |        695        0.03       68.09
        695 |      1,392        0.06       68.15
        698 |      2,097        0.09       68.24
        699 |        700        0.03       68.27
        700 |        701        0.03       68.30
        706 |      2,121        0.09       68.40
        707 |      1,416        0.06       68.46
        711 |        712        0.03       68.49
        714 |        715        0.03       68.52
        715 |        716        0.03       68.55
        718 |        719        0.03       68.58
        720 |        721        0.03       68.62
        723 |      1,448        0.06       68.68
        724 |        725        0.03       68.71
        725 |      1,452        0.06       68.77
        726 |      1,454        0.06       68.84
        727 |      2,912        0.13       68.97
        728 |        729        0.03       69.00
        733 |        734        0.03       69.03
        735 |      1,472        0.06       69.09
        737 |      2,952        0.13       69.22
        738 |      1,478        0.06       69.29
        740 |      1,482        0.07       69.35
        741 |        742        0.03       69.39
        743 |        744        0.03       69.42
        744 |        745        0.03       69.45
        746 |        747        0.03       69.48
        747 |      1,496        0.07       69.55
        749 |        750        0.03       69.58
        751 |        752        0.03       69.62
        753 |        754        0.03       69.65
        754 |        755        0.03       69.68
        755 |        756        0.03       69.72
        758 |      1,518        0.07       69.78
        759 |      1,520        0.07       69.85
        760 |        761        0.03       69.88
        761 |      2,286        0.10       69.98
        767 |        768        0.03       70.02
        768 |      1,538        0.07       70.08
        769 |        770        0.03       70.12
        770 |        771        0.03       70.15
        771 |      1,544        0.07       70.22
        773 |        774        0.03       70.25
        774 |        775        0.03       70.29
        776 |        777        0.03       70.32
        779 |      2,340        0.10       70.42
        782 |      1,566        0.07       70.49
        783 |        784        0.03       70.53
        787 |        788        0.03       70.56
        788 |        789        0.03       70.60
        792 |      1,586        0.07       70.67
        793 |        794        0.03       70.70
        800 |        801        0.04       70.74
        802 |        803        0.04       70.77
        804 |      1,610        0.07       70.84
        806 |      1,614        0.07       70.91
        809 |        810        0.04       70.95
        810 |        811        0.04       70.98
        813 |      1,628        0.07       71.05
        817 |      2,454        0.11       71.16
        818 |        819        0.04       71.20
        819 |        820        0.04       71.23
        820 |      1,642        0.07       71.31
        822 |        823        0.04       71.34
        827 |        828        0.04       71.38
        831 |      1,664        0.07       71.45
        835 |        836        0.04       71.49
        839 |        840        0.04       71.52
        843 |        844        0.04       71.56
        845 |      1,692        0.07       71.64
        846 |      1,694        0.07       71.71
        847 |        848        0.04       71.75
        848 |        849        0.04       71.78
        859 |      1,720        0.08       71.86
        861 |        862        0.04       71.90
        862 |      1,726        0.08       71.97
        864 |        865        0.04       72.01
        866 |      1,734        0.08       72.09
        870 |        871        0.04       72.13
        872 |        873        0.04       72.16
        875 |        876        0.04       72.20
        876 |        877        0.04       72.24
        877 |        878        0.04       72.28
        878 |      1,758        0.08       72.36
        883 |        884        0.04       72.40
        887 |        888        0.04       72.43
        888 |        889        0.04       72.47
        890 |        891        0.04       72.51
        893 |        894        0.04       72.55
        897 |        898        0.04       72.59
        901 |        902        0.04       72.63
        903 |      2,712        0.12       72.75
        905 |        906        0.04       72.79
        910 |        911        0.04       72.83
        914 |        915        0.04       72.87
        915 |      1,832        0.08       72.95
        917 |      1,836        0.08       73.03
        918 |        919        0.04       73.07
        922 |        923        0.04       73.11
        927 |        928        0.04       73.15
        928 |        929        0.04       73.19
        929 |        930        0.04       73.23
        930 |        931        0.04       73.27
        933 |        934        0.04       73.32
        934 |        935        0.04       73.36
        938 |        939        0.04       73.40
        945 |        946        0.04       73.44
        950 |        951        0.04       73.48
        952 |      2,859        0.13       73.61
        954 |        955        0.04       73.65
        960 |        961        0.04       73.69
        962 |        963        0.04       73.73
        964 |      1,930        0.08       73.82
        965 |        966        0.04       73.86
        979 |        980        0.04       73.90
        989 |        990        0.04       73.95
        993 |        994        0.04       73.99
        994 |      1,990        0.09       74.08
       1003 |      1,004        0.04       74.12
       1004 |      1,005        0.04       74.17
       1005 |      1,006        0.04       74.21
       1014 |      1,015        0.04       74.25
       1017 |      1,018        0.04       74.30
       1019 |      1,020        0.04       74.34
       1020 |      1,021        0.04       74.39
       1021 |      1,022        0.04       74.43
       1023 |      1,024        0.04       74.48
       1034 |      2,070        0.09       74.57
       1036 |      2,074        0.09       74.66
       1040 |      2,082        0.09       74.75
       1046 |      1,047        0.05       74.80
       1047 |      1,048        0.05       74.84
       1051 |      2,104        0.09       74.94
       1054 |      1,055        0.05       74.98
       1067 |      1,068        0.05       75.03
       1069 |      1,070        0.05       75.08
       1077 |      1,078        0.05       75.12
       1079 |      1,080        0.05       75.17
       1081 |      1,082        0.05       75.22
       1086 |      2,174        0.10       75.31
       1087 |      1,088        0.05       75.36
       1090 |      1,091        0.05       75.41
       1092 |      1,093        0.05       75.46
       1093 |      1,094        0.05       75.50
       1096 |      1,097        0.05       75.55
       1108 |      1,109        0.05       75.60
       1114 |      1,115        0.05       75.65
       1115 |      1,116        0.05       75.70
       1117 |      1,118        0.05       75.75
       1122 |      1,123        0.05       75.80
       1123 |      1,124        0.05       75.85
       1130 |      1,131        0.05       75.90
       1132 |      1,133        0.05       75.95
       1153 |      1,154        0.05       76.00
       1166 |      1,167        0.05       76.05
       1170 |      1,171        0.05       76.10
       1173 |      1,174        0.05       76.15
       1174 |      1,175        0.05       76.20
       1178 |      1,179        0.05       76.25
       1183 |      1,184        0.05       76.31
       1193 |      1,194        0.05       76.36
       1196 |      1,197        0.05       76.41
       1208 |      1,209        0.05       76.46
       1222 |      1,223        0.05       76.52
       1223 |      2,448        0.11       76.62
       1224 |      1,225        0.05       76.68
       1226 |      1,227        0.05       76.73
       1230 |      1,231        0.05       76.79
       1231 |      1,232        0.05       76.84
       1238 |      1,239        0.05       76.89
       1242 |      1,243        0.05       76.95
       1246 |      1,247        0.05       77.00
       1249 |      1,250        0.05       77.06
       1256 |      1,257        0.06       77.11
       1259 |      1,260        0.06       77.17
       1264 |      1,265        0.06       77.22
       1271 |      1,272        0.06       77.28
       1274 |      1,275        0.06       77.34
       1281 |      1,282        0.06       77.39
       1290 |      1,291        0.06       77.45
       1305 |      1,306        0.06       77.51
       1310 |      1,311        0.06       77.56
       1314 |      1,315        0.06       77.62
       1315 |      1,316        0.06       77.68
       1330 |      1,331        0.06       77.74
       1332 |      1,333        0.06       77.80
       1335 |      1,336        0.06       77.85
       1343 |      1,344        0.06       77.91
       1348 |      1,349        0.06       77.97
       1363 |      1,364        0.06       78.03
       1366 |      1,367        0.06       78.09
       1371 |      1,372        0.06       78.15
       1378 |      1,379        0.06       78.21
       1383 |      1,384        0.06       78.27
       1401 |      1,402        0.06       78.34
       1405 |      1,406        0.06       78.40
       1422 |      1,423        0.06       78.46
       1444 |      1,445        0.06       78.52
       1454 |      1,455        0.06       78.59
       1462 |      1,463        0.06       78.65
       1464 |      1,465        0.06       78.72
       1483 |      1,484        0.07       78.78
       1485 |      1,486        0.07       78.85
       1490 |      1,491        0.07       78.91
       1500 |      1,501        0.07       78.98
       1504 |      1,505        0.07       79.04
       1521 |      1,522        0.07       79.11
       1535 |      1,536        0.07       79.18
       1537 |      1,538        0.07       79.24
       1548 |      1,549        0.07       79.31
       1554 |      1,555        0.07       79.38
       1558 |      1,559        0.07       79.45
       1568 |      1,569        0.07       79.52
       1590 |      1,591        0.07       79.59
       1604 |      1,605        0.07       79.66
       1610 |      1,611        0.07       79.73
       1614 |      1,615        0.07       79.80
       1616 |      1,617        0.07       79.87
       1631 |      1,632        0.07       79.94
       1641 |      1,642        0.07       80.01
       1642 |      1,643        0.07       80.09
       1644 |      1,645        0.07       80.16
       1663 |      1,664        0.07       80.23
       1691 |      1,692        0.07       80.31
       1697 |      1,698        0.07       80.38
       1698 |      1,699        0.07       80.45
       1699 |      1,700        0.07       80.53
       1703 |      1,704        0.07       80.60
       1723 |      1,724        0.08       80.68
       1726 |      1,727        0.08       80.76
       1733 |      1,734        0.08       80.83
       1762 |      1,763        0.08       80.91
       1772 |      1,773        0.08       80.99
       1794 |      1,795        0.08       81.07
       1810 |      1,811        0.08       81.15
       1821 |      1,822        0.08       81.22
       1851 |      1,852        0.08       81.31
       1858 |      1,859        0.08       81.39
       1884 |      3,770        0.17       81.55
       1893 |      1,894        0.08       81.64
       1916 |      1,917        0.08       81.72
       1951 |      1,952        0.09       81.81
       1958 |      1,959        0.09       81.89
       1982 |      1,983        0.09       81.98
       2035 |      2,036        0.09       82.07
       2044 |      2,045        0.09       82.16
       2050 |      2,051        0.09       82.25
       2054 |      2,055        0.09       82.34
       2083 |      2,084        0.09       82.43
       2116 |      2,117        0.09       82.52
       2152 |      2,153        0.09       82.62
       2163 |      2,164        0.09       82.71
       2181 |      2,182        0.10       82.81
       2188 |      2,189        0.10       82.90
       2213 |      2,214        0.10       83.00
       2239 |      2,240        0.10       83.10
       2240 |      2,241        0.10       83.20
       2252 |      2,253        0.10       83.30
       2289 |      2,290        0.10       83.40
       2308 |      2,309        0.10       83.50
       2362 |      2,363        0.10       83.60
       2379 |      2,380        0.10       83.71
       2380 |      2,381        0.10       83.81
       2400 |      2,401        0.11       83.92
       2409 |      2,410        0.11       84.02
       2441 |      2,442        0.11       84.13
       2501 |      2,502        0.11       84.24
       2521 |      2,522        0.11       84.35
       2522 |      2,523        0.11       84.46
       2565 |      2,566        0.11       84.57
       2588 |      2,589        0.11       84.69
       2622 |      2,623        0.12       84.80
       2692 |      2,693        0.12       84.92
       2717 |      2,718        0.12       85.04
       2798 |      2,799        0.12       85.16
       2824 |      2,825        0.12       85.28
       2931 |      2,932        0.13       85.41
       2951 |      2,952        0.13       85.54
       3018 |      3,019        0.13       85.68
       3097 |      3,098        0.14       85.81
       3148 |      3,149        0.14       85.95
       3213 |      3,214        0.14       86.09
       3270 |      3,271        0.14       86.23
       3314 |      3,315        0.15       86.38
       3324 |      3,325        0.15       86.53
       3395 |      3,396        0.15       86.67
       3467 |      3,468        0.15       86.83
       3556 |      3,557        0.16       86.98
       3564 |      3,565        0.16       87.14
       3659 |      3,660        0.16       87.30
       3734 |      3,735        0.16       87.46
       3829 |      3,830        0.17       87.63
       3871 |      3,872        0.17       87.80
       3933 |      3,934        0.17       87.97
       4052 |      4,053        0.18       88.15
       4075 |      4,076        0.18       88.33
       4202 |      4,203        0.18       88.51
       4276 |      4,277        0.19       88.70
       4355 |      4,356        0.19       88.89
       4439 |      4,440        0.19       89.09
       4517 |      4,518        0.20       89.29
       4629 |      4,630        0.20       89.49
       4709 |      4,710        0.21       89.70
       4803 |      4,804        0.21       89.91
       4877 |      4,878        0.21       90.12
       4922 |      4,923        0.22       90.34
       5025 |      5,026        0.22       90.56
       5095 |      5,096        0.22       90.78
       5173 |      5,174        0.23       91.01
       5305 |      5,306        0.23       91.24
       5387 |      5,388        0.24       91.48
       5472 |      5,473        0.24       91.72
       5548 |      5,549        0.24       91.96
       5636 |      5,637        0.25       92.21
       5729 |      5,730        0.25       92.46
       5819 |      5,820        0.26       92.71
       5966 |      5,967        0.26       92.98
       6027 |      6,028        0.26       93.24
       6100 |      6,101        0.27       93.51
       6246 |      6,247        0.27       93.78
       6337 |      6,338        0.28       94.06
       6477 |      6,478        0.28       94.34
       6588 |      6,589        0.29       94.63
       6732 |      6,733        0.30       94.93
       6816 |      6,817        0.30       95.23
       6853 |      6,854        0.30       95.53
       6978 |      6,979        0.31       95.83
       7111 |      7,112        0.31       96.15
       7241 |      7,242        0.32       96.46
       7388 |      7,389        0.32       96.79
       7420 |      7,421        0.33       97.11
       7567 |      7,568        0.33       97.45
       7802 |      7,803        0.34       97.79
       7914 |      7,915        0.35       98.14
       8131 |      8,132        0.36       98.49
       8203 |      8,204        0.36       98.85
       8480 |      8,481        0.37       99.22
       8661 |      8,662        0.38       99.60
       9020 |      9,021        0.40      100.00
------------+-----------------------------------
      Total |  2,279,544      100.00

. 
end of do-file

. exit, clear
